current directory: /home/pawel4449/repos/18/messaging-api/vendor/bundle/ruby/3.3.0/gems/date-3.5.1/ext/date
/home/pawel4449/.rbenv/versions/3.3.5/bin/ruby extconf.rb
checking for rb_category_warn()... yes
checking for timezone in time.h with  -Werror... yes
checking for altzone in time.h with  -Werror... no
creating Makefile

current directory: /home/pawel4449/repos/18/messaging-api/vendor/bundle/ruby/3.3.0/gems/date-3.5.1/ext/date
make DESTDIR\= sitearchdir\=./.gem.20261002-9608-mie6fi sitelibdir\=./.gem.20261002-9608-mie6fi clean

current directory: /home/pawel4449/repos/18/messaging-api/vendor/bundle/ruby/3.3.0/gems/date-3.5.1/ext/date
make DESTDIR\= sitearchdir\=./.gem.20261002-9608-mie6fi sitelibdir\=./.gem.20261002-9608-mie6fi
compiling date_core.c
compiling date_parse.c
compiling date_strftime.c
compiling date_strptime.c
linking shared-object date_core.so

current directory: /home/pawel4449/repos/18/messaging-api/vendor/bundle/ruby/3.3.0/gems/date-3.5.1/ext/date
make DESTDIR\= sitearchdir\=./.gem.20261002-9608-mie6fi sitelibdir\=./.gem.20261002-9608-mie6fi install
/usr/bin/install -c -m 0755 date_core.so ./.gem.20261002-9608-mie6fi

current directory: /home/pawel4449/repos/18/messaging-api/vendor/bundle/ruby/3.3.0/gems/date-3.5.1/ext/date
make DESTDIR\= sitearchdir\=./.gem.20261002-9608-mie6fi sitelibdir\=./.gem.20261002-9608-mie6fi clean
