current directory: /home/pawel4449/repos/18/messaging-api/vendor/bundle/ruby/3.3.0/gems/websocket-driver-0.8.2/ext/websocket-driver
/home/pawel4449/.rbenv/versions/3.3.5/bin/ruby extconf.rb
creating Makefile

current directory: /home/pawel4449/repos/18/messaging-api/vendor/bundle/ruby/3.3.0/gems/websocket-driver-0.8.2/ext/websocket-driver
make DESTDIR\= sitearchdir\=./.gem.20261002-9608-zp3m5s sitelibdir\=./.gem.20261002-9608-zp3m5s clean

current directory: /home/pawel4449/repos/18/messaging-api/vendor/bundle/ruby/3.3.0/gems/websocket-driver-0.8.2/ext/websocket-driver
make DESTDIR\= sitearchdir\=./.gem.20261002-9608-zp3m5s sitelibdir\=./.gem.20261002-9608-zp3m5s
compiling websocket_mask.c
websocket_mask.c: In function ‘Init_websocket_mask’:
websocket_mask.c:26:6: warning: old-style function definition [-Wold-style-definition]
   26 | void Init_websocket_mask()
      |      ^~~~~~~~~~~~~~~~~~~
websocket_mask.c: At top level:
cc1: note: unrecognized command-line option ‘-Wno-self-assign’ may have been intended to silence earlier diagnostics
cc1: note: unrecognized command-line option ‘-Wno-parentheses-equality’ may have been intended to silence earlier diagnostics
cc1: note: unrecognized command-line option ‘-Wno-constant-logical-operand’ may have been intended to silence earlier diagnostics
linking shared-object websocket_mask.so

current directory: /home/pawel4449/repos/18/messaging-api/vendor/bundle/ruby/3.3.0/gems/websocket-driver-0.8.2/ext/websocket-driver
make DESTDIR\= sitearchdir\=./.gem.20261002-9608-zp3m5s sitelibdir\=./.gem.20261002-9608-zp3m5s install
/usr/bin/install -c -m 0755 websocket_mask.so ./.gem.20261002-9608-zp3m5s

current directory: /home/pawel4449/repos/18/messaging-api/vendor/bundle/ruby/3.3.0/gems/websocket-driver-0.8.2/ext/websocket-driver
make DESTDIR\= sitearchdir\=./.gem.20261002-9608-zp3m5s sitelibdir\=./.gem.20261002-9608-zp3m5s clean
